Archive member included because of file (symbol)

/usr/lib/gcc/avr/4.3.5/../../../avr/lib/avr5/libprintf_flt.a(vfprintf_flt.o)
                              (vfprintf)
/usr/lib/gcc/avr/4.3.5/../../../avr/lib/avr5/libm.a(addsf3.o)
                              numtostr.o (__subsf3)
/usr/lib/gcc/avr/4.3.5/../../../avr/lib/avr5/libm.a(addsf3x.o)
                              /usr/lib/gcc/avr/4.3.5/../../../avr/lib/avr5/libm.a(addsf3.o) (__addsf3x)
/usr/lib/gcc/avr/4.3.5/../../../avr/lib/avr5/libm.a(cmpsf2.o)
                              numtostr.o (__ltsf2)
/usr/lib/gcc/avr/4.3.5/../../../avr/lib/avr5/libm.a(divsf3.o)
                              main.o (__divsf3)
/usr/lib/gcc/avr/4.3.5/../../../avr/lib/avr5/libm.a(divsf3x.o)
                              /usr/lib/gcc/avr/4.3.5/../../../avr/lib/avr5/libm.a(divsf3.o) (__divsf3x)
/usr/lib/gcc/avr/4.3.5/../../../avr/lib/avr5/libm.a(fixsfsi.o)
                              numtostr.o (__fixsfsi)
/usr/lib/gcc/avr/4.3.5/../../../avr/lib/avr5/libm.a(fixunssfsi.o)
                              /usr/lib/gcc/avr/4.3.5/../../../avr/lib/avr5/libm.a(fixsfsi.o) (__fixunssfsi)
/usr/lib/gcc/avr/4.3.5/../../../avr/lib/avr5/libm.a(floatsisf.o)
                              main.o (__floatsisf)
/usr/lib/gcc/avr/4.3.5/../../../avr/lib/avr5/libm.a(fp_cmp.o)
                              /usr/lib/gcc/avr/4.3.5/../../../avr/lib/avr5/libm.a(cmpsf2.o) (__fp_cmp)
/usr/lib/gcc/avr/4.3.5/../../../avr/lib/avr5/libm.a(fp_inf.o)
                              /usr/lib/gcc/avr/4.3.5/../../../avr/lib/avr5/libm.a(addsf3x.o) (__fp_inf)
/usr/lib/gcc/avr/4.3.5/../../../avr/lib/avr5/libm.a(fp_nan.o)
                              /usr/lib/gcc/avr/4.3.5/../../../avr/lib/avr5/libm.a(addsf3x.o) (__fp_nan)
/usr/lib/gcc/avr/4.3.5/../../../avr/lib/avr5/libm.a(fp_pscA.o)
                              /usr/lib/gcc/avr/4.3.5/../../../avr/lib/avr5/libm.a(addsf3x.o) (__fp_pscA)
/usr/lib/gcc/avr/4.3.5/../../../avr/lib/avr5/libm.a(fp_pscB.o)
                              /usr/lib/gcc/avr/4.3.5/../../../avr/lib/avr5/libm.a(addsf3x.o) (__fp_pscB)
/usr/lib/gcc/avr/4.3.5/../../../avr/lib/avr5/libm.a(fp_round.o)
                              /usr/lib/gcc/avr/4.3.5/../../../avr/lib/avr5/libm.a(addsf3.o) (__fp_round)
/usr/lib/gcc/avr/4.3.5/../../../avr/lib/avr5/libm.a(fp_split3.o)
                              /usr/lib/gcc/avr/4.3.5/../../../avr/lib/avr5/libm.a(addsf3x.o) (__fp_split3)
/usr/lib/gcc/avr/4.3.5/../../../avr/lib/avr5/libm.a(fp_zero.o)
                              /usr/lib/gcc/avr/4.3.5/../../../avr/lib/avr5/libm.a(addsf3x.o) (__fp_zero)
/usr/lib/gcc/avr/4.3.5/../../../avr/lib/avr5/libm.a(gesf2.o)
                              numtostr.o (__gesf2)
/usr/lib/gcc/avr/4.3.5/../../../avr/lib/avr5/libm.a(mulsf3.o)
                              numtostr.o (__mulsf3)
/usr/lib/gcc/avr/4.3.5/../../../avr/lib/avr5/libm.a(mulsf3x.o)
                              /usr/lib/gcc/avr/4.3.5/../../../avr/lib/avr5/libm.a(mulsf3.o) (__mulsf3x)
/usr/lib/gcc/avr/4.3.5/avr5/libgcc.a(_prologue.o)
                              /usr/lib/gcc/avr/4.3.5/../../../avr/lib/avr5/libprintf_flt.a(vfprintf_flt.o) (__prologue_saves__)
/usr/lib/gcc/avr/4.3.5/avr5/libgcc.a(_epilogue.o)
                              /usr/lib/gcc/avr/4.3.5/../../../avr/lib/avr5/libprintf_flt.a(vfprintf_flt.o) (__epilogue_restores__)
/usr/lib/gcc/avr/4.3.5/avr5/libgcc.a(_exit.o)
                              /usr/lib/gcc/avr/4.3.5/../../../avr/lib/avr5/crtm32.o (exit)
/usr/lib/gcc/avr/4.3.5/avr5/libgcc.a(_copy_data.o)
                              main.o (__do_copy_data)
/usr/lib/gcc/avr/4.3.5/avr5/libgcc.a(_clear_bss.o)
                              usart.o (__do_clear_bss)
/usr/lib/gcc/avr/4.3.5/../../../avr/lib/avr5/libc.a(ftoa_engine.o)
                              /usr/lib/gcc/avr/4.3.5/../../../avr/lib/avr5/libprintf_flt.a(vfprintf_flt.o) (__ftoa_engine)
/usr/lib/gcc/avr/4.3.5/../../../avr/lib/avr5/libc.a(strnlen_P.o)
                              /usr/lib/gcc/avr/4.3.5/../../../avr/lib/avr5/libprintf_flt.a(vfprintf_flt.o) (strnlen_P)
/usr/lib/gcc/avr/4.3.5/../../../avr/lib/avr5/libc.a(strnlen.o)
                              /usr/lib/gcc/avr/4.3.5/../../../avr/lib/avr5/libprintf_flt.a(vfprintf_flt.o) (strnlen)
/usr/lib/gcc/avr/4.3.5/../../../avr/lib/avr5/libc.a(ltoa.o)
                              numtostr.o (ltoa)
/usr/lib/gcc/avr/4.3.5/../../../avr/lib/avr5/libc.a(fputc.o)
                              /usr/lib/gcc/avr/4.3.5/../../../avr/lib/avr5/libprintf_flt.a(vfprintf_flt.o) (fputc)
/usr/lib/gcc/avr/4.3.5/../../../avr/lib/avr5/libc.a(sprintf.o)
                              main.o (sprintf)
/usr/lib/gcc/avr/4.3.5/../../../avr/lib/avr5/libc.a(ultoa_invert.o)
                              /usr/lib/gcc/avr/4.3.5/../../../avr/lib/avr5/libprintf_flt.a(vfprintf_flt.o) (__ultoa_invert)
/usr/lib/gcc/avr/4.3.5/../../../avr/lib/avr5/libc.a(strrev.o)
                              /usr/lib/gcc/avr/4.3.5/../../../avr/lib/avr5/libc.a(ltoa.o) (strrev)
/usr/lib/gcc/avr/4.3.5/avr5/libgcc.a(_udivmodsi4.o)
                              /usr/lib/gcc/avr/4.3.5/../../../avr/lib/avr5/libc.a(ltoa.o) (__udivmodsi4)

Allocating common symbols
Common symbol       size              file

OW_OUT              0x2               onewire.o
OW_PIN_MASK         0x1               onewire.o
OW_IN               0x2               onewire.o
OW_DDR              0x2               onewire.o

Memory Configuration

Name             Origin             Length             Attributes
text             0x00000000         0x00020000         xr
data             0x00800060         0x0000ffa0         rw !x
eeprom           0x00810000         0x00010000         rw !x
fuse             0x00820000         0x00000400         rw !x
lock             0x00830000         0x00000400         rw !x
signature        0x00840000         0x00000400         rw !x
*default*        0x00000000         0xffffffff

Linker script and memory map

LOAD /usr/lib/gcc/avr/4.3.5/../../../avr/lib/avr5/crtm32.o
LOAD main.o
LOAD usart.o
LOAD numtostr.o
LOAD crc8.o
LOAD onewire.o
LOAD ds18x20.o
LOAD /usr/lib/gcc/avr/4.3.5/../../../avr/lib/avr5/libprintf_flt.a
LOAD /usr/lib/gcc/avr/4.3.5/../../../avr/lib/avr5/libm.a
LOAD /usr/lib/gcc/avr/4.3.5/avr5/libgcc.a
LOAD /usr/lib/gcc/avr/4.3.5/../../../avr/lib/avr5/libc.a
LOAD /usr/lib/gcc/avr/4.3.5/avr5/libgcc.a

.hash
 *(.hash)

.dynsym
 *(.dynsym)

.dynstr
 *(.dynstr)

.gnu.version
 *(.gnu.version)

.gnu.version_d
 *(.gnu.version_d)

.gnu.version_r
 *(.gnu.version_r)

.rel.init
 *(.rel.init)

.rela.init
 *(.rela.init)

.rel.text
 *(.rel.text)
 *(.rel.text.*)
 *(.rel.gnu.linkonce.t*)

.rela.text
 *(.rela.text)
 *(.rela.text.*)
 *(.rela.gnu.linkonce.t*)

.rel.fini
 *(.rel.fini)

.rela.fini
 *(.rela.fini)

.rel.rodata
 *(.rel.rodata)
 *(.rel.rodata.*)
 *(.rel.gnu.linkonce.r*)

.rela.rodata
 *(.rela.rodata)
 *(.rela.rodata.*)
 *(.rela.gnu.linkonce.r*)

.rel.data
 *(.rel.data)
 *(.rel.data.*)
 *(.rel.gnu.linkonce.d*)

.rela.data
 *(.rela.data)
 *(.rela.data.*)
 *(.rela.gnu.linkonce.d*)

.rel.ctors
 *(.rel.ctors)

.rela.ctors
 *(.rela.ctors)

.rel.dtors
 *(.rel.dtors)

.rela.dtors
 *(.rela.dtors)

.rel.got
 *(.rel.got)

.rela.got
 *(.rela.got)

.rel.bss
 *(.rel.bss)

.rela.bss
 *(.rela.bss)

.rel.plt
 *(.rel.plt)

.rela.plt
 *(.rela.plt)

.text           0x00000000     0x1d56
 *(.vectors)
 .vectors       0x00000000       0x54 /usr/lib/gcc/avr/4.3.5/../../../avr/lib/avr5/crtm32.o
                0x00000000                __vectors
                0x00000000                __vector_default
 *(.vectors)
 *(.progmem.gcc*)
 *(.progmem*)
 .progmem.data  0x00000054        0x8 /usr/lib/gcc/avr/4.3.5/../../../avr/lib/avr5/libprintf_flt.a(vfprintf_flt.o)
 .progmem.data  0x0000005c       0xfa /usr/lib/gcc/avr/4.3.5/../../../avr/lib/avr5/libc.a(ftoa_engine.o)
                0x00000156                . = ALIGN (0x2)
                0x00000156                __trampolines_start = .
 *(.trampolines)
 .trampolines   0x00000156        0x0 linker stubs
 *(.trampolines*)
                0x00000156                __trampolines_end = .
 *(.jumptables)
 *(.jumptables*)
 *(.lowtext)
 *(.lowtext*)
                0x00000156                __ctors_start = .
 *(.ctors)
                0x00000156                __ctors_end = .
                0x00000156                __dtors_start = .
 *(.dtors)
                0x00000156                __dtors_end = .
 SORT(*)(.ctors)
 SORT(*)(.dtors)
 *(.init0)
 .init0         0x00000156        0x0 /usr/lib/gcc/avr/4.3.5/../../../avr/lib/avr5/crtm32.o
                0x00000156                __init
 *(.init0)
 *(.init1)
 *(.init1)
 *(.init2)
 .init2         0x00000156        0xc /usr/lib/gcc/avr/4.3.5/../../../avr/lib/avr5/crtm32.o
 *(.init2)
 *(.init3)
 *(.init3)
 *(.init4)
 .init4         0x00000162       0x16 /usr/lib/gcc/avr/4.3.5/avr5/libgcc.a(_copy_data.o)
                0x00000162                __do_copy_data
 .init4         0x00000178       0x10 /usr/lib/gcc/avr/4.3.5/avr5/libgcc.a(_clear_bss.o)
                0x00000178                __do_clear_bss
 *(.init4)
 *(.init5)
 *(.init5)
 *(.init6)
 *(.init6)
 *(.init7)
 *(.init7)
 *(.init8)
 *(.init8)
 *(.init9)
 .init9         0x00000188        0x8 /usr/lib/gcc/avr/4.3.5/../../../avr/lib/avr5/crtm32.o
 *(.init9)
 *(.text)
 .text          0x00000190        0x4 /usr/lib/gcc/avr/4.3.5/../../../avr/lib/avr5/crtm32.o
                0x00000190                __vector_1
                0x00000190                __vector_12
                0x00000190                __bad_interrupt
                0x00000190                __vector_6
                0x00000190                __vector_3
                0x00000190                __vector_11
                0x00000190                __vector_17
                0x00000190                __vector_19
                0x00000190                __vector_7
                0x00000190                __vector_5
                0x00000190                __vector_4
                0x00000190                __vector_9
                0x00000190                __vector_2
                0x00000190                __vector_15
                0x00000190                __vector_8
                0x00000190                __vector_10
                0x00000190                __vector_16
                0x00000190                __vector_18
                0x00000190                __vector_20
 .text          0x00000194      0x2dc main.o
                0x00000194                uart_put_hex_helper
                0x00000218                search_and_start_measurement
                0x00000284                usart0_puts
                0x0000029e                uart_put_hexc
                0x000002be                uart_put_hex
                0x000002f6                search_and_display
                0x00000408                main
 .text          0x00000470       0xfe usart.o
                0x00000470                usart0_init
                0x00000490                __vector_13
                0x000004cc                __vector_14
                0x00000516                usart0_getc
                0x00000538                usart0_putc
                0x0000055c                usart0_data_received
 .text          0x0000056e      0x2ce numtostr.o
                0x0000056e                ctob
                0x0000058c                itob
                0x000005ac                ctoh
                0x000005f0                itoh
                0x0000062c                ltoh
                0x0000067a                ftoa
 .text          0x0000083c       0x40 crc8.o
                0x0000083c                crc8
 .text          0x0000087c      0x33c onewire.o
                0x0000087c                ow_input_pin_state
                0x0000088e                ow_parasite_enable
                0x000008b4                ow_parasite_disable
                0x000008ca                ow_reset
                0x0000095e                ow_set_bus
                0x00000a60                ow_bit_io
                0x00000a6a                ow_byte_wr
                0x00000a8c                ow_byte_wr_with_parasite_enable
                0x00000ab8                ow_byte_rd
                0x00000ac0                ow_rom_search
                0x00000ba8                ow_command
                0x00000bb0                ow_command_with_parasite_enable
 .text          0x00000bb8      0x1e4 ds18x20.o
                0x00000bb8                DS18X20_read_decicelsius
                0x00000d24                DS18X20_start_meas
                0x00000d5e                DS18X20_find_sensor
 .text          0x00000d9c        0x0 /usr/lib/gcc/avr/4.3.5/../../../avr/lib/avr5/libprintf_flt.a(vfprintf_flt.o)
 .text          0x00000d9c        0x0 /usr/lib/gcc/avr/4.3.5/../../../avr/lib/avr5/libm.a(addsf3.o)
 .text          0x00000d9c        0x0 /usr/lib/gcc/avr/4.3.5/../../../avr/lib/avr5/libm.a(addsf3x.o)
 .text          0x00000d9c        0x0 /usr/lib/gcc/avr/4.3.5/../../../avr/lib/avr5/libm.a(cmpsf2.o)
 .text          0x00000d9c        0x0 /usr/lib/gcc/avr/4.3.5/../../../avr/lib/avr5/libm.a(divsf3.o)
 .text          0x00000d9c        0x0 /usr/lib/gcc/avr/4.3.5/../../../avr/lib/avr5/libm.a(divsf3x.o)
 .text          0x00000d9c        0x0 /usr/lib/gcc/avr/4.3.5/../../../avr/lib/avr5/libm.a(fixsfsi.o)
 .text          0x00000d9c        0x0 /usr/lib/gcc/avr/4.3.5/../../../avr/lib/avr5/libm.a(fixunssfsi.o)
 .text          0x00000d9c        0x0 /usr/lib/gcc/avr/4.3.5/../../../avr/lib/avr5/libm.a(floatsisf.o)
 .text          0x00000d9c        0x0 /usr/lib/gcc/avr/4.3.5/../../../avr/lib/avr5/libm.a(fp_cmp.o)
 .text          0x00000d9c        0x0 /usr/lib/gcc/avr/4.3.5/../../../avr/lib/avr5/libm.a(fp_inf.o)
 .text          0x00000d9c        0x0 /usr/lib/gcc/avr/4.3.5/../../../avr/lib/avr5/libm.a(fp_nan.o)
 .text          0x00000d9c        0x0 /usr/lib/gcc/avr/4.3.5/../../../avr/lib/avr5/libm.a(fp_pscA.o)
 .text          0x00000d9c        0x0 /usr/lib/gcc/avr/4.3.5/../../../avr/lib/avr5/libm.a(fp_pscB.o)
 .text          0x00000d9c        0x0 /usr/lib/gcc/avr/4.3.5/../../../avr/lib/avr5/libm.a(fp_round.o)
 .text          0x00000d9c        0x0 /usr/lib/gcc/avr/4.3.5/../../../avr/lib/avr5/libm.a(fp_split3.o)
 .text          0x00000d9c        0x0 /usr/lib/gcc/avr/4.3.5/../../../avr/lib/avr5/libm.a(fp_zero.o)
 .text          0x00000d9c        0x0 /usr/lib/gcc/avr/4.3.5/../../../avr/lib/avr5/libm.a(gesf2.o)
 .text          0x00000d9c        0x0 /usr/lib/gcc/avr/4.3.5/../../../avr/lib/avr5/libm.a(mulsf3.o)
 .text          0x00000d9c        0x0 /usr/lib/gcc/avr/4.3.5/../../../avr/lib/avr5/libm.a(mulsf3x.o)
 .text          0x00000d9c        0x0 /usr/lib/gcc/avr/4.3.5/avr5/libgcc.a(_prologue.o)
 .text          0x00000d9c        0x0 /usr/lib/gcc/avr/4.3.5/avr5/libgcc.a(_epilogue.o)
 .text          0x00000d9c        0x0 /usr/lib/gcc/avr/4.3.5/avr5/libgcc.a(_exit.o)
 .text          0x00000d9c        0x0 /usr/lib/gcc/avr/4.3.5/avr5/libgcc.a(_copy_data.o)
 .text          0x00000d9c        0x0 /usr/lib/gcc/avr/4.3.5/avr5/libgcc.a(_clear_bss.o)
 .text          0x00000d9c        0x0 /usr/lib/gcc/avr/4.3.5/../../../avr/lib/avr5/libc.a(ftoa_engine.o)
 .text          0x00000d9c        0x0 /usr/lib/gcc/avr/4.3.5/../../../avr/lib/avr5/libc.a(strnlen_P.o)
 .text          0x00000d9c        0x0 /usr/lib/gcc/avr/4.3.5/../../../avr/lib/avr5/libc.a(strnlen.o)
 .text          0x00000d9c        0x0 /usr/lib/gcc/avr/4.3.5/../../../avr/lib/avr5/libc.a(ltoa.o)
 .text          0x00000d9c        0x0 /usr/lib/gcc/avr/4.3.5/../../../avr/lib/avr5/libc.a(fputc.o)
 .text          0x00000d9c        0x0 /usr/lib/gcc/avr/4.3.5/../../../avr/lib/avr5/libc.a(sprintf.o)
 .text          0x00000d9c        0x0 /usr/lib/gcc/avr/4.3.5/../../../avr/lib/avr5/libc.a(ultoa_invert.o)
 .text          0x00000d9c        0x0 /usr/lib/gcc/avr/4.3.5/../../../avr/lib/avr5/libc.a(strrev.o)
 .text          0x00000d9c        0x0 /usr/lib/gcc/avr/4.3.5/avr5/libgcc.a(_udivmodsi4.o)
                0x00000d9c                . = ALIGN (0x2)
 *(.text.*)
 .text.avr-libc
                0x00000d9c      0x70e /usr/lib/gcc/avr/4.3.5/../../../avr/lib/avr5/libprintf_flt.a(vfprintf_flt.o)
                0x00000d9c                vfprintf
 .text.avr-libc.fplib
                0x000014aa        0xa /usr/lib/gcc/avr/4.3.5/../../../avr/lib/avr5/libm.a(addsf3.o)
                0x000014aa                __subsf3
                0x000014ac                __addsf3
 .text.avr-libc.fplib
                0x000014b4       0xc0 /usr/lib/gcc/avr/4.3.5/../../../avr/lib/avr5/libm.a(addsf3x.o)
                0x000014ce                __addsf3x
 .text.avr-libc.fplib
                0x00001574        0x8 /usr/lib/gcc/avr/4.3.5/../../../avr/lib/avr5/libm.a(cmpsf2.o)
                0x00001574                __lesf2
                0x00001574                __nesf2
                0x00001574                __eqsf2
                0x00001574                __cmpsf2
                0x00001574                __ltsf2
 .text.avr-libc.fplib
                0x0000157c        0x4 /usr/lib/gcc/avr/4.3.5/../../../avr/lib/avr5/libm.a(divsf3.o)
                0x0000157c                __divsf3
 .text.avr-libc.fplib
                0x00001580       0xcc /usr/lib/gcc/avr/4.3.5/../../../avr/lib/avr5/libm.a(divsf3x.o)
                0x00001596                __divsf3x
                0x0000159a                __divsf3_pse
 .text.avr-libc.fplib
                0x0000164c        0xa /usr/lib/gcc/avr/4.3.5/../../../avr/lib/avr5/libm.a(fixsfsi.o)
                0x0000164c                __fixsfsi
 .text.avr-libc.fplib
                0x00001656       0x58 /usr/lib/gcc/avr/4.3.5/../../../avr/lib/avr5/libm.a(fixunssfsi.o)
                0x00001656                __fixunssfsi
 .text.avr-libc.fplib
                0x000016ae       0x7a /usr/lib/gcc/avr/4.3.5/../../../avr/lib/avr5/libm.a(floatsisf.o)
                0x000016ae                __floatunsisf
                0x000016b2                __floatsisf
 .text.avr-libc.fplib
                0x00001728       0x48 /usr/lib/gcc/avr/4.3.5/../../../avr/lib/avr5/libm.a(fp_cmp.o)
                0x00001728                __fp_cmp
 .text.avr-libc.fplib
                0x00001770        0xc /usr/lib/gcc/avr/4.3.5/../../../avr/lib/avr5/libm.a(fp_inf.o)
                0x00001770                __fp_inf
 .text.avr-libc.fplib
                0x0000177c        0x6 /usr/lib/gcc/avr/4.3.5/../../../avr/lib/avr5/libm.a(fp_nan.o)
                0x0000177c                __fp_nan
 .text.avr-libc.fplib
                0x00001782        0xe /usr/lib/gcc/avr/4.3.5/../../../avr/lib/avr5/libm.a(fp_pscA.o)
                0x00001782                __fp_pscA
 .text.avr-libc.fplib
                0x00001790        0xe /usr/lib/gcc/avr/4.3.5/../../../avr/lib/avr5/libm.a(fp_pscB.o)
                0x00001790                __fp_pscB
 .text.avr-libc.fplib
                0x0000179e       0x22 /usr/lib/gcc/avr/4.3.5/../../../avr/lib/avr5/libm.a(fp_round.o)
                0x0000179e                __fp_round
 .text.avr-libc.fplib
                0x000017c0       0x44 /usr/lib/gcc/avr/4.3.5/../../../avr/lib/avr5/libm.a(fp_split3.o)
                0x000017c0                __fp_split3
                0x000017d0                __fp_splitA
 .text.avr-libc.fplib
                0x00001804        0xe /usr/lib/gcc/avr/4.3.5/../../../avr/lib/avr5/libm.a(fp_zero.o)
                0x00001804                __fp_zero
                0x00001806                __fp_szero
 .text.avr-libc.fplib
                0x00001812        0x8 /usr/lib/gcc/avr/4.3.5/../../../avr/lib/avr5/libm.a(gesf2.o)
                0x00001812                __gtsf2
                0x00001812                __gesf2
 .text.avr-libc.fplib
                0x0000181a        0x4 /usr/lib/gcc/avr/4.3.5/../../../avr/lib/avr5/libm.a(mulsf3.o)
                0x0000181a                __mulsf3
 .text.avr-libc.fplib
                0x0000181e       0xc2 /usr/lib/gcc/avr/4.3.5/../../../avr/lib/avr5/libm.a(mulsf3x.o)
                0x00001832                __mulsf3x
                0x00001836                __mulsf3_pse
 .text.libgcc   0x000018e0       0x38 /usr/lib/gcc/avr/4.3.5/avr5/libgcc.a(_prologue.o)
                0x000018e0                __prologue_saves__
 .text.libgcc   0x00001918       0x36 /usr/lib/gcc/avr/4.3.5/avr5/libgcc.a(_epilogue.o)
                0x00001918                __epilogue_restores__
 .text.libgcc   0x0000194e        0x0 /usr/lib/gcc/avr/4.3.5/avr5/libgcc.a(_exit.o)
 .text.libgcc   0x0000194e        0x0 /usr/lib/gcc/avr/4.3.5/avr5/libgcc.a(_copy_data.o)
 .text.libgcc   0x0000194e        0x0 /usr/lib/gcc/avr/4.3.5/avr5/libgcc.a(_clear_bss.o)
 .text.avr-libc
                0x0000194e      0x1b0 /usr/lib/gcc/avr/4.3.5/../../../avr/lib/avr5/libc.a(ftoa_engine.o)
                0x0000194e                __ftoa_engine
 .text.avr-libc
                0x00001afe       0x16 /usr/lib/gcc/avr/4.3.5/../../../avr/lib/avr5/libc.a(strnlen_P.o)
                0x00001afe                strnlen_P
 .text.avr-libc
                0x00001b14       0x16 /usr/lib/gcc/avr/4.3.5/../../../avr/lib/avr5/libc.a(strnlen.o)
                0x00001b14                strnlen
 .text.avr-libc
                0x00001b2a       0x68 /usr/lib/gcc/avr/4.3.5/../../../avr/lib/avr5/libc.a(ltoa.o)
                0x00001b2a                ltoa
 .text.avr-libc
                0x00001b92       0x58 /usr/lib/gcc/avr/4.3.5/../../../avr/lib/avr5/libc.a(fputc.o)
                0x00001b92                fputc
 .text.avr-libc
                0x00001bea       0x48 /usr/lib/gcc/avr/4.3.5/../../../avr/lib/avr5/libc.a(sprintf.o)
                0x00001bea                sprintf
 .text.avr-libc
                0x00001c32       0xbc /usr/lib/gcc/avr/4.3.5/../../../avr/lib/avr5/libc.a(ultoa_invert.o)
                0x00001c32                __ultoa_invert
 .text.avr-libc
                0x00001cee       0x20 /usr/lib/gcc/avr/4.3.5/../../../avr/lib/avr5/libc.a(strrev.o)
                0x00001cee                strrev
 .text.libgcc   0x00001d0e       0x44 /usr/lib/gcc/avr/4.3.5/avr5/libgcc.a(_udivmodsi4.o)
                0x00001d0e                __udivmodsi4
                0x00001d52                . = ALIGN (0x2)
 *(.fini9)
 .fini9         0x00001d52        0x0 /usr/lib/gcc/avr/4.3.5/avr5/libgcc.a(_exit.o)
                0x00001d52                exit
                0x00001d52                _exit
 *(.fini9)
 *(.fini8)
 *(.fini8)
 *(.fini7)
 *(.fini7)
 *(.fini6)
 *(.fini6)
 *(.fini5)
 *(.fini5)
 *(.fini4)
 *(.fini4)
 *(.fini3)
 *(.fini3)
 *(.fini2)
 *(.fini2)
 *(.fini1)
 *(.fini1)
 *(.fini0)
 .fini0         0x00001d52        0x4 /usr/lib/gcc/avr/4.3.5/avr5/libgcc.a(_exit.o)
 *(.fini0)
                0x00001d56                _etext = .

.data           0x00800060       0x22 load address 0x00001d56
                0x00800060                PROVIDE (__data_start, .)
 *(.data)
 .data          0x00800060        0x0 /usr/lib/gcc/avr/4.3.5/../../../avr/lib/avr5/crtm32.o
 .data          0x00800060        0xa main.o
 .data          0x0080006a        0x0 usart.o
 .data          0x0080006a       0x18 numtostr.o
 .data          0x00800082        0x0 crc8.o
 .data          0x00800082        0x0 onewire.o
 .data          0x00800082        0x0 ds18x20.o
 .data          0x00800082        0x0 /usr/lib/gcc/avr/4.3.5/../../../avr/lib/avr5/libprintf_flt.a(vfprintf_flt.o)
 .data          0x00800082        0x0 /usr/lib/gcc/avr/4.3.5/../../../avr/lib/avr5/libm.a(addsf3.o)
 .data          0x00800082        0x0 /usr/lib/gcc/avr/4.3.5/../../../avr/lib/avr5/libm.a(addsf3x.o)
 .data          0x00800082        0x0 /usr/lib/gcc/avr/4.3.5/../../../avr/lib/avr5/libm.a(cmpsf2.o)
 .data          0x00800082        0x0 /usr/lib/gcc/avr/4.3.5/../../../avr/lib/avr5/libm.a(divsf3.o)
 .data          0x00800082        0x0 /usr/lib/gcc/avr/4.3.5/../../../avr/lib/avr5/libm.a(divsf3x.o)
 .data          0x00800082        0x0 /usr/lib/gcc/avr/4.3.5/../../../avr/lib/avr5/libm.a(fixsfsi.o)
 .data          0x00800082        0x0 /usr/lib/gcc/avr/4.3.5/../../../avr/lib/avr5/libm.a(fixunssfsi.o)
 .data          0x00800082        0x0 /usr/lib/gcc/avr/4.3.5/../../../avr/lib/avr5/libm.a(floatsisf.o)
 .data          0x00800082        0x0 /usr/lib/gcc/avr/4.3.5/../../../avr/lib/avr5/libm.a(fp_cmp.o)
 .data          0x00800082        0x0 /usr/lib/gcc/avr/4.3.5/../../../avr/lib/avr5/libm.a(fp_inf.o)
 .data          0x00800082        0x0 /usr/lib/gcc/avr/4.3.5/../../../avr/lib/avr5/libm.a(fp_nan.o)
 .data          0x00800082        0x0 /usr/lib/gcc/avr/4.3.5/../../../avr/lib/avr5/libm.a(fp_pscA.o)
 .data          0x00800082        0x0 /usr/lib/gcc/avr/4.3.5/../../../avr/lib/avr5/libm.a(fp_pscB.o)
 .data          0x00800082        0x0 /usr/lib/gcc/avr/4.3.5/../../../avr/lib/avr5/libm.a(fp_round.o)
 .data          0x00800082        0x0 /usr/lib/gcc/avr/4.3.5/../../../avr/lib/avr5/libm.a(fp_split3.o)
 .data          0x00800082        0x0 /usr/lib/gcc/avr/4.3.5/../../../avr/lib/avr5/libm.a(fp_zero.o)
 .data          0x00800082        0x0 /usr/lib/gcc/avr/4.3.5/../../../avr/lib/avr5/libm.a(gesf2.o)
 .data          0x00800082        0x0 /usr/lib/gcc/avr/4.3.5/../../../avr/lib/avr5/libm.a(mulsf3.o)
 .data          0x00800082        0x0 /usr/lib/gcc/avr/4.3.5/../../../avr/lib/avr5/libm.a(mulsf3x.o)
 .data          0x00800082        0x0 /usr/lib/gcc/avr/4.3.5/avr5/libgcc.a(_prologue.o)
 .data          0x00800082        0x0 /usr/lib/gcc/avr/4.3.5/avr5/libgcc.a(_epilogue.o)
 .data          0x00800082        0x0 /usr/lib/gcc/avr/4.3.5/avr5/libgcc.a(_exit.o)
 .data          0x00800082        0x0 /usr/lib/gcc/avr/4.3.5/avr5/libgcc.a(_copy_data.o)
 .data          0x00800082        0x0 /usr/lib/gcc/avr/4.3.5/avr5/libgcc.a(_clear_bss.o)
 .data          0x00800082        0x0 /usr/lib/gcc/avr/4.3.5/../../../avr/lib/avr5/libc.a(ftoa_engine.o)
 .data          0x00800082        0x0 /usr/lib/gcc/avr/4.3.5/../../../avr/lib/avr5/libc.a(strnlen_P.o)
 .data          0x00800082        0x0 /usr/lib/gcc/avr/4.3.5/../../../avr/lib/avr5/libc.a(strnlen.o)
 .data          0x00800082        0x0 /usr/lib/gcc/avr/4.3.5/../../../avr/lib/avr5/libc.a(ltoa.o)
 .data          0x00800082        0x0 /usr/lib/gcc/avr/4.3.5/../../../avr/lib/avr5/libc.a(fputc.o)
 .data          0x00800082        0x0 /usr/lib/gcc/avr/4.3.5/../../../avr/lib/avr5/libc.a(sprintf.o)
 .data          0x00800082        0x0 /usr/lib/gcc/avr/4.3.5/../../../avr/lib/avr5/libc.a(ultoa_invert.o)
 .data          0x00800082        0x0 /usr/lib/gcc/avr/4.3.5/../../../avr/lib/avr5/libc.a(strrev.o)
 .data          0x00800082        0x0 /usr/lib/gcc/avr/4.3.5/avr5/libgcc.a(_udivmodsi4.o)
 *(.data*)
 *(.rodata)
 *(.rodata*)
 *(.gnu.linkonce.d*)
                0x00800082                . = ALIGN (0x2)
                0x00800082                _edata = .
                0x00800082                PROVIDE (__data_end, .)

.bss            0x00800082       0x4b
                0x00800082                PROVIDE (__bss_start, .)
 *(.bss)
 .bss           0x00800082        0x0 /usr/lib/gcc/avr/4.3.5/../../../avr/lib/avr5/crtm32.o
 .bss           0x00800082        0x0 main.o
 .bss           0x00800082       0x44 usart.o
 .bss           0x008000c6        0x0 numtostr.o
 .bss           0x008000c6        0x0 crc8.o
 .bss           0x008000c6        0x0 onewire.o
 .bss           0x008000c6        0x0 ds18x20.o
 .bss           0x008000c6        0x0 /usr/lib/gcc/avr/4.3.5/../../../avr/lib/avr5/libprintf_flt.a(vfprintf_flt.o)
 .bss           0x008000c6        0x0 /usr/lib/gcc/avr/4.3.5/../../../avr/lib/avr5/libm.a(addsf3.o)
 .bss           0x008000c6        0x0 /usr/lib/gcc/avr/4.3.5/../../../avr/lib/avr5/libm.a(addsf3x.o)
 .bss           0x008000c6        0x0 /usr/lib/gcc/avr/4.3.5/../../../avr/lib/avr5/libm.a(cmpsf2.o)
 .bss           0x008000c6        0x0 /usr/lib/gcc/avr/4.3.5/../../../avr/lib/avr5/libm.a(divsf3.o)
 .bss           0x008000c6        0x0 /usr/lib/gcc/avr/4.3.5/../../../avr/lib/avr5/libm.a(divsf3x.o)
 .bss           0x008000c6        0x0 /usr/lib/gcc/avr/4.3.5/../../../avr/lib/avr5/libm.a(fixsfsi.o)
 .bss           0x008000c6        0x0 /usr/lib/gcc/avr/4.3.5/../../../avr/lib/avr5/libm.a(fixunssfsi.o)
 .bss           0x008000c6        0x0 /usr/lib/gcc/avr/4.3.5/../../../avr/lib/avr5/libm.a(floatsisf.o)
 .bss           0x008000c6        0x0 /usr/lib/gcc/avr/4.3.5/../../../avr/lib/avr5/libm.a(fp_cmp.o)
 .bss           0x008000c6        0x0 /usr/lib/gcc/avr/4.3.5/../../../avr/lib/avr5/libm.a(fp_inf.o)
 .bss           0x008000c6        0x0 /usr/lib/gcc/avr/4.3.5/../../../avr/lib/avr5/libm.a(fp_nan.o)
 .bss           0x008000c6        0x0 /usr/lib/gcc/avr/4.3.5/../../../avr/lib/avr5/libm.a(fp_pscA.o)
 .bss           0x008000c6        0x0 /usr/lib/gcc/avr/4.3.5/../../../avr/lib/avr5/libm.a(fp_pscB.o)
 .bss           0x008000c6        0x0 /usr/lib/gcc/avr/4.3.5/../../../avr/lib/avr5/libm.a(fp_round.o)
 .bss           0x008000c6        0x0 /usr/lib/gcc/avr/4.3.5/../../../avr/lib/avr5/libm.a(fp_split3.o)
 .bss           0x008000c6        0x0 /usr/lib/gcc/avr/4.3.5/../../../avr/lib/avr5/libm.a(fp_zero.o)
 .bss           0x008000c6        0x0 /usr/lib/gcc/avr/4.3.5/../../../avr/lib/avr5/libm.a(gesf2.o)
 .bss           0x008000c6        0x0 /usr/lib/gcc/avr/4.3.5/../../../avr/lib/avr5/libm.a(mulsf3.o)
 .bss           0x008000c6        0x0 /usr/lib/gcc/avr/4.3.5/../../../avr/lib/avr5/libm.a(mulsf3x.o)
 .bss           0x008000c6        0x0 /usr/lib/gcc/avr/4.3.5/avr5/libgcc.a(_prologue.o)
 .bss           0x008000c6        0x0 /usr/lib/gcc/avr/4.3.5/avr5/libgcc.a(_epilogue.o)
 .bss           0x008000c6        0x0 /usr/lib/gcc/avr/4.3.5/avr5/libgcc.a(_exit.o)
 .bss           0x008000c6        0x0 /usr/lib/gcc/avr/4.3.5/avr5/libgcc.a(_copy_data.o)
 .bss           0x008000c6        0x0 /usr/lib/gcc/avr/4.3.5/avr5/libgcc.a(_clear_bss.o)
 .bss           0x008000c6        0x0 /usr/lib/gcc/avr/4.3.5/../../../avr/lib/avr5/libc.a(ftoa_engine.o)
 .bss           0x008000c6        0x0 /usr/lib/gcc/avr/4.3.5/../../../avr/lib/avr5/libc.a(strnlen_P.o)
 .bss           0x008000c6        0x0 /usr/lib/gcc/avr/4.3.5/../../../avr/lib/avr5/libc.a(strnlen.o)
 .bss           0x008000c6        0x0 /usr/lib/gcc/avr/4.3.5/../../../avr/lib/avr5/libc.a(ltoa.o)
 .bss           0x008000c6        0x0 /usr/lib/gcc/avr/4.3.5/../../../avr/lib/avr5/libc.a(fputc.o)
 .bss           0x008000c6        0x0 /usr/lib/gcc/avr/4.3.5/../../../avr/lib/avr5/libc.a(sprintf.o)
 .bss           0x008000c6        0x0 /usr/lib/gcc/avr/4.3.5/../../../avr/lib/avr5/libc.a(ultoa_invert.o)
 .bss           0x008000c6        0x0 /usr/lib/gcc/avr/4.3.5/../../../avr/lib/avr5/libc.a(strrev.o)
 .bss           0x008000c6        0x0 /usr/lib/gcc/avr/4.3.5/avr5/libgcc.a(_udivmodsi4.o)
 *(.bss*)
 *(COMMON)
 COMMON         0x008000c6        0x7 onewire.o
                0x008000c6                OW_OUT
                0x008000c8                OW_PIN_MASK
                0x008000c9                OW_IN
                0x008000cb                OW_DDR
                0x008000cd                PROVIDE (__bss_end, .)
                0x00001d56                __data_load_start = LOADADDR (.data)
                0x00001d78                __data_load_end = (__data_load_start + SIZEOF (.data))

.noinit         0x008000cd        0x0
                0x008000cd                PROVIDE (__noinit_start, .)
 *(.noinit*)
                0x008000cd                PROVIDE (__noinit_end, .)
                0x008000cd                _end = .
                0x008000cd                PROVIDE (__heap_start, .)

.eeprom         0x00810000        0x0
 *(.eeprom*)
                0x00810000                __eeprom_end = .

.fuse
 *(.fuse)
 *(.lfuse)
 *(.hfuse)
 *(.efuse)

.lock
 *(.lock*)

.signature
 *(.signature*)

.stab           0x00000000     0x4b90
 *(.stab)
 .stab          0x00000000      0x6b4 /usr/lib/gcc/avr/4.3.5/../../../avr/lib/avr5/crtm32.o
 .stab          0x000006b4     0x1038 /usr/lib/gcc/avr/4.3.5/../../../avr/lib/avr5/libprintf_flt.a(vfprintf_flt.o)
                               0x1044 (size before relaxing)
 .stab          0x000016ec       0x78 /usr/lib/gcc/avr/4.3.5/../../../avr/lib/avr5/libm.a(addsf3.o)
                                 0x84 (size before relaxing)
 .stab          0x00001764      0x4bc /usr/lib/gcc/avr/4.3.5/../../../avr/lib/avr5/libm.a(addsf3x.o)
                                0x4c8 (size before relaxing)
 .stab          0x00001c20       0x90 /usr/lib/gcc/avr/4.3.5/../../../avr/lib/avr5/libm.a(cmpsf2.o)
                                 0x9c (size before relaxing)
 .stab          0x00001cb0       0x48 /usr/lib/gcc/avr/4.3.5/../../../avr/lib/avr5/libm.a(divsf3.o)
                                 0x54 (size before relaxing)
 .stab          0x00001cf8      0x510 /usr/lib/gcc/avr/4.3.5/../../../avr/lib/avr5/libm.a(divsf3x.o)
                                0x51c (size before relaxing)
 .stab          0x00002208       0x6c /usr/lib/gcc/avr/4.3.5/../../../avr/lib/avr5/libm.a(fixsfsi.o)
                                 0x78 (size before relaxing)
 .stab          0x00002274      0x240 /usr/lib/gcc/avr/4.3.5/../../../avr/lib/avr5/libm.a(fixunssfsi.o)
                                0x24c (size before relaxing)
 .stab          0x000024b4      0x318 /usr/lib/gcc/avr/4.3.5/../../../avr/lib/avr5/libm.a(floatsisf.o)
                                0x324 (size before relaxing)
 .stab          0x000027cc      0x1e0 /usr/lib/gcc/avr/4.3.5/../../../avr/lib/avr5/libm.a(fp_cmp.o)
                                0x1ec (size before relaxing)
 .stab          0x000029ac       0x78 /usr/lib/gcc/avr/4.3.5/../../../avr/lib/avr5/libm.a(fp_inf.o)
                                 0x84 (size before relaxing)
 .stab          0x00002a24       0x54 /usr/lib/gcc/avr/4.3.5/../../../avr/lib/avr5/libm.a(fp_nan.o)
                                 0x60 (size before relaxing)
 .stab          0x00002a78       0x84 /usr/lib/gcc/avr/4.3.5/../../../avr/lib/avr5/libm.a(fp_pscA.o)
                                 0x90 (size before relaxing)
 .stab          0x00002afc       0x84 /usr/lib/gcc/avr/4.3.5/../../../avr/lib/avr5/libm.a(fp_pscB.o)
                                 0x90 (size before relaxing)
 .stab          0x00002b80       0xfc /usr/lib/gcc/avr/4.3.5/../../../avr/lib/avr5/libm.a(fp_round.o)
                                0x108 (size before relaxing)
 .stab          0x00002c7c      0x1d4 /usr/lib/gcc/avr/4.3.5/../../../avr/lib/avr5/libm.a(fp_split3.o)
                                0x1e0 (size before relaxing)
 .stab          0x00002e50       0x90 /usr/lib/gcc/avr/4.3.5/../../../avr/lib/avr5/libm.a(fp_zero.o)
                                 0x9c (size before relaxing)
 .stab          0x00002ee0       0x6c /usr/lib/gcc/avr/4.3.5/../../../avr/lib/avr5/libm.a(gesf2.o)
                                 0x78 (size before relaxing)
 .stab          0x00002f4c       0x48 /usr/lib/gcc/avr/4.3.5/../../../avr/lib/avr5/libm.a(mulsf3.o)
                                 0x54 (size before relaxing)
 .stab          0x00002f94      0x4d4 /usr/lib/gcc/avr/4.3.5/../../../avr/lib/avr5/libm.a(mulsf3x.o)
                                0x4e0 (size before relaxing)
 .stab          0x00003468      0xa38 /usr/lib/gcc/avr/4.3.5/../../../avr/lib/avr5/libc.a(ftoa_engine.o)
                                0xa44 (size before relaxing)
 .stab          0x00003ea0       0x9c /usr/lib/gcc/avr/4.3.5/../../../avr/lib/avr5/libc.a(strnlen_P.o)
                                 0xa8 (size before relaxing)
 .stab          0x00003f3c       0x9c /usr/lib/gcc/avr/4.3.5/../../../avr/lib/avr5/libc.a(strnlen.o)
                                 0xa8 (size before relaxing)
 .stab          0x00003fd8      0x294 /usr/lib/gcc/avr/4.3.5/../../../avr/lib/avr5/libc.a(ltoa.o)
                                0x2a0 (size before relaxing)
 .stab          0x0000426c      0x1d4 /usr/lib/gcc/avr/4.3.5/../../../avr/lib/avr5/libc.a(fputc.o)
                                0x3b4 (size before relaxing)
 .stab          0x00004440      0x1f8 /usr/lib/gcc/avr/4.3.5/../../../avr/lib/avr5/libc.a(sprintf.o)
                                0x3d8 (size before relaxing)
 .stab          0x00004638      0x480 /usr/lib/gcc/avr/4.3.5/../../../avr/lib/avr5/libc.a(ultoa_invert.o)
                                0x48c (size before relaxing)
 .stab          0x00004ab8       0xd8 /usr/lib/gcc/avr/4.3.5/../../../avr/lib/avr5/libc.a(strrev.o)
                                 0xe4 (size before relaxing)

.stabstr        0x00000000     0x110e
 *(.stabstr)
 .stabstr       0x00000000     0x110e /usr/lib/gcc/avr/4.3.5/../../../avr/lib/avr5/crtm32.o

.stab.excl
 *(.stab.excl)

.stab.exclstr
 *(.stab.exclstr)

.stab.index
 *(.stab.index)

.stab.indexstr
 *(.stab.indexstr)

.comment
 *(.comment)

.debug
 *(.debug)

.line
 *(.line)

.debug_srcinfo
 *(.debug_srcinfo)

.debug_sfnames
 *(.debug_sfnames)

.debug_aranges  0x00000000       0xc0
 *(.debug_aranges)
 .debug_aranges
                0x00000000       0x20 main.o
 .debug_aranges
                0x00000020       0x20 usart.o
 .debug_aranges
                0x00000040       0x20 numtostr.o
 .debug_aranges
                0x00000060       0x20 crc8.o
 .debug_aranges
                0x00000080       0x20 onewire.o
 .debug_aranges
                0x000000a0       0x20 ds18x20.o

.debug_pubnames
                0x00000000      0x313
 *(.debug_pubnames)
 .debug_pubnames
                0x00000000       0x9e main.o
 .debug_pubnames
                0x0000009e       0x7b usart.o
 .debug_pubnames
                0x00000119       0x48 numtostr.o
 .debug_pubnames
                0x00000161       0x1b crc8.o
 .debug_pubnames
                0x0000017c      0x139 onewire.o
 .debug_pubnames
                0x000002b5       0x5e ds18x20.o

.debug_info     0x00000000     0x11bd
 *(.debug_info)
 .debug_info    0x00000000      0x30f main.o
 .debug_info    0x0000030f      0x1d1 usart.o
 .debug_info    0x000004e0      0x21e numtostr.o
 .debug_info    0x000006fe       0xfe crc8.o
 .debug_info    0x000007fc      0x70c onewire.o
 .debug_info    0x00000f08      0x2b5 ds18x20.o
 *(.gnu.linkonce.wi.*)

.debug_abbrev   0x00000000      0x764
 *(.debug_abbrev)
 .debug_abbrev  0x00000000      0x17b main.o
 .debug_abbrev  0x0000017b       0xe4 usart.o
 .debug_abbrev  0x0000025f       0xb9 numtostr.o
 .debug_abbrev  0x00000318       0xa4 crc8.o
 .debug_abbrev  0x000003bc      0x25e onewire.o
 .debug_abbrev  0x0000061a      0x14a ds18x20.o

.debug_line     0x00000000      0xde2
 *(.debug_line)
 .debug_line    0x00000000      0x30d main.o
 .debug_line    0x0000030d      0x179 usart.o
 .debug_line    0x00000486      0x1cf numtostr.o
 .debug_line    0x00000655       0xfa crc8.o
 .debug_line    0x0000074f      0x4b3 onewire.o
 .debug_line    0x00000c02      0x1e0 ds18x20.o

.debug_frame    0x00000000      0x2b0
 *(.debug_frame)
 .debug_frame   0x00000000       0x80 main.o
 .debug_frame   0x00000080       0x70 usart.o
 .debug_frame   0x000000f0       0x70 numtostr.o
 .debug_frame   0x00000160       0x20 crc8.o
 .debug_frame   0x00000180       0xf0 onewire.o
 .debug_frame   0x00000270       0x40 ds18x20.o

.debug_str      0x00000000      0x481
 *(.debug_str)
 .debug_str     0x00000000      0x149 main.o
                                0x19b (size before relaxing)
 .debug_str     0x00000149       0xab usart.o
                                0x151 (size before relaxing)
 .debug_str     0x000001f4       0x38 numtostr.o
                                 0xb2 (size before relaxing)
 .debug_str     0x0000022c       0x48 crc8.o
                                 0xfa (size before relaxing)
 .debug_str     0x00000274      0x164 onewire.o
                                0x26d (size before relaxing)
 .debug_str     0x000003d8       0xa9 ds18x20.o
                                0x16f (size before relaxing)

.debug_loc      0x00000000      0xca6
 *(.debug_loc)
 .debug_loc     0x00000000      0x297 main.o
 .debug_loc     0x00000297       0xc8 usart.o
 .debug_loc     0x0000035f      0x38f numtostr.o
 .debug_loc     0x000006ee       0x46 crc8.o
 .debug_loc     0x00000734      0x34c onewire.o
 .debug_loc     0x00000a80      0x226 ds18x20.o

.debug_macinfo
 *(.debug_macinfo)
OUTPUT(main.elf elf32-avr)
LOAD linker stubs

.debug_ranges   0x00000000       0xb0
 .debug_ranges  0x00000000       0x48 main.o
 .debug_ranges  0x00000048       0x18 onewire.o
 .debug_ranges  0x00000060       0x50 ds18x20.o

Cross Reference Table

Symbol                                            File
DS18X20_find_sensor                               ds18x20.o
                                                  main.o
DS18X20_read_decicelsius                          ds18x20.o
                                                  main.o
DS18X20_start_meas                                ds18x20.o
                                                  main.o
OW_DDR                                            onewire.o
OW_IN                                             onewire.o
OW_OUT                                            onewire.o
OW_PIN_MASK                                       onewire.o
__addsf3                                          /usr/lib/gcc/avr/4.3.5/../../../avr/lib/avr5/libm.a(addsf3.o)
                                                  numtostr.o
__addsf3x                                         /usr/lib/gcc/avr/4.3.5/../../../avr/lib/avr5/libm.a(addsf3x.o)
                                                  /usr/lib/gcc/avr/4.3.5/../../../avr/lib/avr5/libm.a(addsf3.o)
__bad_interrupt                                   /usr/lib/gcc/avr/4.3.5/../../../avr/lib/avr5/crtm32.o
__bss_end                                         /usr/lib/gcc/avr/4.3.5/avr5/libgcc.a(_clear_bss.o)
__bss_start                                       /usr/lib/gcc/avr/4.3.5/avr5/libgcc.a(_clear_bss.o)
__cmpsf2                                          /usr/lib/gcc/avr/4.3.5/../../../avr/lib/avr5/libm.a(cmpsf2.o)
__data_end                                        /usr/lib/gcc/avr/4.3.5/avr5/libgcc.a(_copy_data.o)
__data_load_start                                 /usr/lib/gcc/avr/4.3.5/avr5/libgcc.a(_copy_data.o)
__data_start                                      /usr/lib/gcc/avr/4.3.5/avr5/libgcc.a(_copy_data.o)
__divsf3                                          /usr/lib/gcc/avr/4.3.5/../../../avr/lib/avr5/libm.a(divsf3.o)
                                                  numtostr.o
                                                  main.o
__divsf3_pse                                      /usr/lib/gcc/avr/4.3.5/../../../avr/lib/avr5/libm.a(divsf3x.o)
__divsf3x                                         /usr/lib/gcc/avr/4.3.5/../../../avr/lib/avr5/libm.a(divsf3x.o)
                                                  /usr/lib/gcc/avr/4.3.5/../../../avr/lib/avr5/libm.a(divsf3.o)
__do_clear_bss                                    /usr/lib/gcc/avr/4.3.5/avr5/libgcc.a(_clear_bss.o)
                                                  onewire.o
                                                  usart.o
__do_copy_data                                    /usr/lib/gcc/avr/4.3.5/avr5/libgcc.a(_copy_data.o)
                                                  numtostr.o
                                                  main.o
__epilogue_restores__                             /usr/lib/gcc/avr/4.3.5/avr5/libgcc.a(_epilogue.o)
                                                  /usr/lib/gcc/avr/4.3.5/../../../avr/lib/avr5/libc.a(sprintf.o)
                                                  /usr/lib/gcc/avr/4.3.5/../../../avr/lib/avr5/libprintf_flt.a(vfprintf_flt.o)
__eqsf2                                           /usr/lib/gcc/avr/4.3.5/../../../avr/lib/avr5/libm.a(cmpsf2.o)
__fixsfsi                                         /usr/lib/gcc/avr/4.3.5/../../../avr/lib/avr5/libm.a(fixsfsi.o)
                                                  numtostr.o
__fixunssfsi                                      /usr/lib/gcc/avr/4.3.5/../../../avr/lib/avr5/libm.a(fixunssfsi.o)
                                                  /usr/lib/gcc/avr/4.3.5/../../../avr/lib/avr5/libm.a(fixsfsi.o)
__floatsisf                                       /usr/lib/gcc/avr/4.3.5/../../../avr/lib/avr5/libm.a(floatsisf.o)
                                                  numtostr.o
                                                  main.o
__floatunsisf                                     /usr/lib/gcc/avr/4.3.5/../../../avr/lib/avr5/libm.a(floatsisf.o)
__fp_cmp                                          /usr/lib/gcc/avr/4.3.5/../../../avr/lib/avr5/libm.a(fp_cmp.o)
                                                  /usr/lib/gcc/avr/4.3.5/../../../avr/lib/avr5/libm.a(gesf2.o)
                                                  /usr/lib/gcc/avr/4.3.5/../../../avr/lib/avr5/libm.a(cmpsf2.o)
__fp_inf                                          /usr/lib/gcc/avr/4.3.5/../../../avr/lib/avr5/libm.a(fp_inf.o)
                                                  /usr/lib/gcc/avr/4.3.5/../../../avr/lib/avr5/libm.a(mulsf3x.o)
                                                  /usr/lib/gcc/avr/4.3.5/../../../avr/lib/avr5/libm.a(divsf3x.o)
                                                  /usr/lib/gcc/avr/4.3.5/../../../avr/lib/avr5/libm.a(addsf3x.o)
__fp_nan                                          /usr/lib/gcc/avr/4.3.5/../../../avr/lib/avr5/libm.a(fp_nan.o)
                                                  /usr/lib/gcc/avr/4.3.5/../../../avr/lib/avr5/libm.a(mulsf3x.o)
                                                  /usr/lib/gcc/avr/4.3.5/../../../avr/lib/avr5/libm.a(divsf3x.o)
                                                  /usr/lib/gcc/avr/4.3.5/../../../avr/lib/avr5/libm.a(addsf3x.o)
__fp_pscA                                         /usr/lib/gcc/avr/4.3.5/../../../avr/lib/avr5/libm.a(fp_pscA.o)
                                                  /usr/lib/gcc/avr/4.3.5/../../../avr/lib/avr5/libm.a(mulsf3x.o)
                                                  /usr/lib/gcc/avr/4.3.5/../../../avr/lib/avr5/libm.a(divsf3x.o)
                                                  /usr/lib/gcc/avr/4.3.5/../../../avr/lib/avr5/libm.a(addsf3x.o)
__fp_pscB                                         /usr/lib/gcc/avr/4.3.5/../../../avr/lib/avr5/libm.a(fp_pscB.o)
                                                  /usr/lib/gcc/avr/4.3.5/../../../avr/lib/avr5/libm.a(mulsf3x.o)
                                                  /usr/lib/gcc/avr/4.3.5/../../../avr/lib/avr5/libm.a(divsf3x.o)
                                                  /usr/lib/gcc/avr/4.3.5/../../../avr/lib/avr5/libm.a(addsf3x.o)
__fp_round                                        /usr/lib/gcc/avr/4.3.5/../../../avr/lib/avr5/libm.a(fp_round.o)
                                                  /usr/lib/gcc/avr/4.3.5/../../../avr/lib/avr5/libm.a(mulsf3.o)
                                                  /usr/lib/gcc/avr/4.3.5/../../../avr/lib/avr5/libm.a(divsf3.o)
                                                  /usr/lib/gcc/avr/4.3.5/../../../avr/lib/avr5/libm.a(addsf3.o)
__fp_split3                                       /usr/lib/gcc/avr/4.3.5/../../../avr/lib/avr5/libm.a(fp_split3.o)
                                                  /usr/lib/gcc/avr/4.3.5/../../../avr/lib/avr5/libm.a(mulsf3x.o)
                                                  /usr/lib/gcc/avr/4.3.5/../../../avr/lib/avr5/libm.a(divsf3x.o)
                                                  /usr/lib/gcc/avr/4.3.5/../../../avr/lib/avr5/libm.a(addsf3x.o)
__fp_splitA                                       /usr/lib/gcc/avr/4.3.5/../../../avr/lib/avr5/libm.a(fp_split3.o)
                                                  /usr/lib/gcc/avr/4.3.5/../../../avr/lib/avr5/libm.a(fixunssfsi.o)
__fp_szero                                        /usr/lib/gcc/avr/4.3.5/../../../avr/lib/avr5/libm.a(fp_zero.o)
                                                  /usr/lib/gcc/avr/4.3.5/../../../avr/lib/avr5/libm.a(mulsf3x.o)
                                                  /usr/lib/gcc/avr/4.3.5/../../../avr/lib/avr5/libm.a(fixsfsi.o)
                                                  /usr/lib/gcc/avr/4.3.5/../../../avr/lib/avr5/libm.a(divsf3x.o)
__fp_zero                                         /usr/lib/gcc/avr/4.3.5/../../../avr/lib/avr5/libm.a(fp_zero.o)
                                                  /usr/lib/gcc/avr/4.3.5/../../../avr/lib/avr5/libm.a(fixunssfsi.o)
                                                  /usr/lib/gcc/avr/4.3.5/../../../avr/lib/avr5/libm.a(addsf3x.o)
__ftoa_engine                                     /usr/lib/gcc/avr/4.3.5/../../../avr/lib/avr5/libc.a(ftoa_engine.o)
                                                  /usr/lib/gcc/avr/4.3.5/../../../avr/lib/avr5/libprintf_flt.a(vfprintf_flt.o)
__gesf2                                           /usr/lib/gcc/avr/4.3.5/../../../avr/lib/avr5/libm.a(gesf2.o)
                                                  numtostr.o
__gtsf2                                           /usr/lib/gcc/avr/4.3.5/../../../avr/lib/avr5/libm.a(gesf2.o)
                                                  numtostr.o
__heap_end                                        /usr/lib/gcc/avr/4.3.5/../../../avr/lib/avr5/crtm32.o
__init                                            /usr/lib/gcc/avr/4.3.5/../../../avr/lib/avr5/crtm32.o
__lesf2                                           /usr/lib/gcc/avr/4.3.5/../../../avr/lib/avr5/libm.a(cmpsf2.o)
__ltsf2                                           /usr/lib/gcc/avr/4.3.5/../../../avr/lib/avr5/libm.a(cmpsf2.o)
                                                  numtostr.o
__mulsf3                                          /usr/lib/gcc/avr/4.3.5/../../../avr/lib/avr5/libm.a(mulsf3.o)
                                                  numtostr.o
__mulsf3_pse                                      /usr/lib/gcc/avr/4.3.5/../../../avr/lib/avr5/libm.a(mulsf3x.o)
__mulsf3x                                         /usr/lib/gcc/avr/4.3.5/../../../avr/lib/avr5/libm.a(mulsf3x.o)
                                                  /usr/lib/gcc/avr/4.3.5/../../../avr/lib/avr5/libm.a(mulsf3.o)
__nesf2                                           /usr/lib/gcc/avr/4.3.5/../../../avr/lib/avr5/libm.a(cmpsf2.o)
__prologue_saves__                                /usr/lib/gcc/avr/4.3.5/avr5/libgcc.a(_prologue.o)
                                                  /usr/lib/gcc/avr/4.3.5/../../../avr/lib/avr5/libc.a(sprintf.o)
                                                  /usr/lib/gcc/avr/4.3.5/../../../avr/lib/avr5/libprintf_flt.a(vfprintf_flt.o)
__stack                                           /usr/lib/gcc/avr/4.3.5/../../../avr/lib/avr5/crtm32.o
__subsf3                                          /usr/lib/gcc/avr/4.3.5/../../../avr/lib/avr5/libm.a(addsf3.o)
                                                  numtostr.o
__udivmodsi4                                      /usr/lib/gcc/avr/4.3.5/avr5/libgcc.a(_udivmodsi4.o)
                                                  /usr/lib/gcc/avr/4.3.5/../../../avr/lib/avr5/libc.a(ltoa.o)
__ultoa_invert                                    /usr/lib/gcc/avr/4.3.5/../../../avr/lib/avr5/libc.a(ultoa_invert.o)
                                                  /usr/lib/gcc/avr/4.3.5/../../../avr/lib/avr5/libprintf_flt.a(vfprintf_flt.o)
__vector_1                                        /usr/lib/gcc/avr/4.3.5/../../../avr/lib/avr5/crtm32.o
__vector_10                                       /usr/lib/gcc/avr/4.3.5/../../../avr/lib/avr5/crtm32.o
__vector_11                                       /usr/lib/gcc/avr/4.3.5/../../../avr/lib/avr5/crtm32.o
__vector_12                                       /usr/lib/gcc/avr/4.3.5/../../../avr/lib/avr5/crtm32.o
__vector_13                                       usart.o
                                                  /usr/lib/gcc/avr/4.3.5/../../../avr/lib/avr5/crtm32.o
__vector_14                                       usart.o
                                                  /usr/lib/gcc/avr/4.3.5/../../../avr/lib/avr5/crtm32.o
__vector_15                                       /usr/lib/gcc/avr/4.3.5/../../../avr/lib/avr5/crtm32.o
__vector_16                                       /usr/lib/gcc/avr/4.3.5/../../../avr/lib/avr5/crtm32.o
__vector_17                                       /usr/lib/gcc/avr/4.3.5/../../../avr/lib/avr5/crtm32.o
__vector_18                                       /usr/lib/gcc/avr/4.3.5/../../../avr/lib/avr5/crtm32.o
__vector_19                                       /usr/lib/gcc/avr/4.3.5/../../../avr/lib/avr5/crtm32.o
__vector_2                                        /usr/lib/gcc/avr/4.3.5/../../../avr/lib/avr5/crtm32.o
__vector_20                                       /usr/lib/gcc/avr/4.3.5/../../../avr/lib/avr5/crtm32.o
__vector_3                                        /usr/lib/gcc/avr/4.3.5/../../../avr/lib/avr5/crtm32.o
__vector_4                                        /usr/lib/gcc/avr/4.3.5/../../../avr/lib/avr5/crtm32.o
__vector_5                                        /usr/lib/gcc/avr/4.3.5/../../../avr/lib/avr5/crtm32.o
__vector_6                                        /usr/lib/gcc/avr/4.3.5/../../../avr/lib/avr5/crtm32.o
__vector_7                                        /usr/lib/gcc/avr/4.3.5/../../../avr/lib/avr5/crtm32.o
__vector_8                                        /usr/lib/gcc/avr/4.3.5/../../../avr/lib/avr5/crtm32.o
__vector_9                                        /usr/lib/gcc/avr/4.3.5/../../../avr/lib/avr5/crtm32.o
__vector_default                                  /usr/lib/gcc/avr/4.3.5/../../../avr/lib/avr5/crtm32.o
__vectors                                         /usr/lib/gcc/avr/4.3.5/../../../avr/lib/avr5/crtm32.o
_exit                                             /usr/lib/gcc/avr/4.3.5/avr5/libgcc.a(_exit.o)
crc8                                              crc8.o
                                                  ds18x20.o
ctob                                              numtostr.o
ctoh                                              numtostr.o
exit                                              /usr/lib/gcc/avr/4.3.5/avr5/libgcc.a(_exit.o)
                                                  /usr/lib/gcc/avr/4.3.5/../../../avr/lib/avr5/crtm32.o
fputc                                             /usr/lib/gcc/avr/4.3.5/../../../avr/lib/avr5/libc.a(fputc.o)
                                                  /usr/lib/gcc/avr/4.3.5/../../../avr/lib/avr5/libprintf_flt.a(vfprintf_flt.o)
ftoa                                              numtostr.o
itob                                              numtostr.o
itoh                                              numtostr.o
ltoa                                              /usr/lib/gcc/avr/4.3.5/../../../avr/lib/avr5/libc.a(ltoa.o)
                                                  numtostr.o
ltoh                                              numtostr.o
main                                              main.o
                                                  /usr/lib/gcc/avr/4.3.5/../../../avr/lib/avr5/crtm32.o
ow_bit_io                                         onewire.o
ow_byte_rd                                        onewire.o
                                                  ds18x20.o
ow_byte_wr                                        onewire.o
ow_byte_wr_with_parasite_enable                   onewire.o
ow_command                                        onewire.o
                                                  ds18x20.o
ow_command_with_parasite_enable                   onewire.o
                                                  ds18x20.o
ow_input_pin_state                                onewire.o
                                                  ds18x20.o
ow_parasite_disable                               onewire.o
ow_parasite_enable                                onewire.o
ow_reset                                          onewire.o
                                                  ds18x20.o
                                                  main.o
ow_rom_search                                     onewire.o
                                                  ds18x20.o
ow_set_bus                                        onewire.o
                                                  main.o
search_and_display                                main.o
search_and_start_measurement                      main.o
sprintf                                           /usr/lib/gcc/avr/4.3.5/../../../avr/lib/avr5/libc.a(sprintf.o)
                                                  main.o
strnlen                                           /usr/lib/gcc/avr/4.3.5/../../../avr/lib/avr5/libc.a(strnlen.o)
                                                  /usr/lib/gcc/avr/4.3.5/../../../avr/lib/avr5/libprintf_flt.a(vfprintf_flt.o)
strnlen_P                                         /usr/lib/gcc/avr/4.3.5/../../../avr/lib/avr5/libc.a(strnlen_P.o)
                                                  /usr/lib/gcc/avr/4.3.5/../../../avr/lib/avr5/libprintf_flt.a(vfprintf_flt.o)
strrev                                            /usr/lib/gcc/avr/4.3.5/../../../avr/lib/avr5/libc.a(strrev.o)
                                                  /usr/lib/gcc/avr/4.3.5/../../../avr/lib/avr5/libc.a(ltoa.o)
uart_put_hex                                      main.o
uart_put_hex_helper                               main.o
uart_put_hexc                                     main.o
usart0_data_received                              usart.o
usart0_getc                                       usart.o
usart0_init                                       usart.o
                                                  main.o
usart0_putc                                       usart.o
                                                  main.o
usart0_puts                                       main.o
vfprintf                                          /usr/lib/gcc/avr/4.3.5/../../../avr/lib/avr5/libprintf_flt.a(vfprintf_flt.o)
                                                  /usr/lib/gcc/avr/4.3.5/../../../avr/lib/avr5/libc.a(sprintf.o)
